// Jest Snapshot v1, https://goo.gl/fbAQLP

exports[`Image Uploader should match the snapshot 1`] = `
<div>
  <div
    class="ui very padded center aligned container"
  >
    <img
      src="/img/defaultAvatar.png"
      class="ui small centered circular image"
    />
    <div>
      <div
        class="ui divider"
      />
      <a
        class="ui fluid blue button"
      >
        Set Image
      </a>
    </div>
  </div>
</div>
`;
