// Jest Snapshot v1, https://goo.gl/fbAQLP

exports[`summarised multi selector read only should match the snapshot 1`] = `
<div
  class="dropdown-wrapper"
>
  <div
    data-tooltip=""
    data-inverted="true"
  >
    
  </div>
</div>
`;

exports[`summarised multi selector should match the snapshot 1`] = `
<div
  class="dropdown-wrapper"
>
  <div
    class="ui dropdown search fluid multiple inline"
    data-tooltip="Select an item"
    data-inverted="true"
  >
    <input
      type="hidden"
      name=""
    />
    <input
      class="search"
      autocomplete="off"
      tabindex="0"
    />
    <span
      class="sizer"
    />
    <div
      class="default text"
    >
      
    </div>
    <i
      class="dropdown icon"
    />
    <div
      class="menu dropdown_menu"
      tabindex="-1"
    >
      <div
        data-value="1"
        data-text="PPC"
        class="item"
      >
        PPC
      </div>
      <div
        data-value="2"
        data-text="Paid Social"
        class="item"
      >
        Paid Social
      </div>
      <div
        data-value="3"
        data-text="SEO"
        class="item"
      >
        SEO
      </div>
    </div>
  </div>
</div>
`;
