// Jest Snapshot v1, https://goo.gl/fbAQLP

exports[`Filerbar should match the snapshot 1`] = `
<div>
  <div
    class="ui secondary basic segment"
  >
    <div
      class="ui text menu"
    >
      <div
        class="left item"
      >
        <div
          class="ui compact basic segment"
        >
          <strong>
            Search
          </strong>
          <div
            class="ui text menu"
          >
            <div
              class="item"
            >
              <div
                class="ui icon input"
              >
                <i
                  class="search icon"
                />
                <input
                  placeholder=""
                />
              </div>
            </div>
          </div>
        </div>
      </div>
      <div
        class="right item"
      >
        <!--  -->
      </div>
    </div>
  </div>
  <!--  -->
</div>
`;
