// Jest Snapshot v1, https://goo.gl/fbAQLP

exports[`Panel should match the snapshot 1`] = `
<div
  class="ui segments"
>
  <div
    class="ui basic segment text menu"
  >
    <div
      class="item"
    >
      <h2
        class="heading ui-sortable-handle"
      >
        Test Panel
      </h2>
    </div>
    <div
      class="right item"
    >
      <i
        class="chevron icon down"
      />
    </div>
  </div>
  <div
    class="ui basic"
  >
    <div />
  </div>
</div>
`;
