// Jest Snapshot v1, https://goo.gl/fbAQLP

exports[`Sidebar should match the snapshot 1`] = `
<div
  id="universal-editor"
  class="ui segments universal-editor"
>
  <div
    class="ui basic secondary segment top-bar"
  >
    <h2
      class="ui left aligned header sidebar-title"
    >
      
    </h2>
    <div
      class="right"
    >
      <button
        class="ui basic blue mini button"
      >
        Cancel
      </button>
      <button
        class="ui blue mini button"
      >
        Save
      </button>
    </div>
  </div>
  <div
    class="wrapper"
  />
</div>
`;
