// Jest Snapshot v1, https://goo.gl/fbAQLP

exports[`Date Picker should match the snapshot 1`] = `
<span>
  <div
    class="ui action input"
  >
    <input
      type="text"
      placeholder="Date..."
    />
    <button
      class="ui icon button"
    >
      <i
        class="calendar outline icon"
      />
    </button>
  </div>
  <div
    class="pika-container"
    style="display: none;"
  >
    <div />
    <button
      class="ui basic button mini"
    >
      Today
    </button>
  </div>
</span>
`;
