// Jest Snapshot v1, https://goo.gl/fbAQLP

exports[`Date Range should match the snapshot 1`] = `
<span>
  <div
    class="ui input"
  >
    <input />
    <input
      type="hidden"
    />
    <input
      type="hidden"
    />
  </div>
  <div
    class="ui flowing popup"
  >
    <div
      class="ui two column divided center aligned grid"
    >
      <div
        class="sixteen wide column"
      >
        <strong
          class="ui header"
        >
          Aug 8, 2017 - Aug 9, 2017
        </strong>
      </div>
      <div
        class="six wide column"
      >
        <strong>
          Quick Selection
        </strong>
        <div
          class="ui fluid vertical menu"
        >
          <a
            class="item"
          >
            Last Month
          </a>
          <a
            class="item"
          >
            Last Week
          </a>
        </div>
        <div
          class="ui fluid vertical menu"
        >
          <a
            class="item"
          >
            This Month
          </a>
          <a
            class="item"
          >
            This Week
          </a>
        </div>
      </div>
      <div
        class="ten wide column"
      >
        <strong>
          Select your start date
        </strong>
        <div
          class="calendar"
        >
          <div
            class="pika-single"
          >
            <div
              class="pika-lendar"
            >
              <div
                id="pika-title-te"
                class="pika-title"
                role="heading"
                aria-live="assertive"
              >
                <div
                  class="pika-label"
                >
                  August
                  <select
                    class="pika-select pika-select-month"
                    tabindex="-1"
                  >
                    <option
                      value="0"
                    >
                      January
                    </option>
                    <option
                      value="1"
                    >
                      February
                    </option>
                    <option
                      value="2"
                    >
                      March
                    </option>
                    <option
                      value="3"
                    >
                      April
                    </option>
                    <option
                      value="4"
                    >
                      May
                    </option>
                    <option
                      value="5"
                    >
                      June
                    </option>
                    <option
                      value="6"
                    >
                      July
                    </option>
                    <option
                      value="7"
                      selected="selected"
                    >
                      August
                    </option>
                    <option
                      value="8"
                    >
                      September
                    </option>
                    <option
                      value="9"
                    >
                      October
                    </option>
                    <option
                      value="10"
                    >
                      November
                    </option>
                    <option
                      value="11"
                    >
                      December
                    </option>
                  </select>
                </div>
                <div
                  class="pika-label"
                >
                  2017
                  <select
                    class="pika-select pika-select-year"
                    tabindex="-1"
                  >
                    <option
                      value="2007"
                    >
                      2007
                    </option>
                    <option
                      value="2008"
                    >
                      2008
                    </option>
                    <option
                      value="2009"
                    >
                      2009
                    </option>
                    <option
                      value="2010"
                    >
                      2010
                    </option>
                    <option
                      value="2011"
                    >
                      2011
                    </option>
                    <option
                      value="2012"
                    >
                      2012
                    </option>
                    <option
                      value="2013"
                    >
                      2013
                    </option>
                    <option
                      value="2014"
                    >
                      2014
                    </option>
                    <option
                      value="2015"
                    >
                      2015
                    </option>
                    <option
                      value="2016"
                    >
                      2016
                    </option>
                    <option
                      value="2017"
                      selected="selected"
                    >
                      2017
                    </option>
                    <option
                      value="2018"
                    >
                      2018
                    </option>
                    <option
                      value="2019"
                    >
                      2019
                    </option>
                    <option
                      value="2020"
                    >
                      2020
                    </option>
                    <option
                      value="2021"
                    >
                      2021
                    </option>
                    <option
                      value="2022"
                    >
                      2022
                    </option>
                    <option
                      value="2023"
                    >
                      2023
                    </option>
                    <option
                      value="2024"
                    >
                      2024
                    </option>
                    <option
                      value="2025"
                    >
                      2025
                    </option>
                    <option
                      value="2026"
                    >
                      2026
                    </option>
                    <option
                      value="2027"
                    >
                      2027
                    </option>
                  </select>
                </div>
                <button
                  class="pika-prev"
                  type="button"
                >
                  Previous Month
                </button>
                <button
                  class="pika-next"
                  type="button"
                >
                  Next Month
                </button>
              </div>
              <table
                cellpadding="0"
                cellspacing="0"
                class="pika-table"
                role="grid"
                aria-labelledby="pika-title-te"
              >
                <thead>
                  <tr>
                    <th
                      scope="col"
                    >
                      <abbr
                        title="Monday"
                      >
                        Mon
                      </abbr>
                    </th>
                    <th
                      scope="col"
                    >
                      <abbr
                        title="Tuesday"
                      >
                        Tue
                      </abbr>
                    </th>
                    <th
                      scope="col"
                    >
                      <abbr
                        title="Wednesday"
                      >
                        Wed
                      </abbr>
                    </th>
                    <th
                      scope="col"
                    >
                      <abbr
                        title="Thursday"
                      >
                        Thu
                      </abbr>
                    </th>
                    <th
                      scope="col"
                    >
                      <abbr
                        title="Friday"
                      >
                        Fri
                      </abbr>
                    </th>
                    <th
                      scope="col"
                    >
                      <abbr
                        title="Saturday"
                      >
                        Sat
                      </abbr>
                    </th>
                    <th
                      scope="col"
                    >
                      <abbr
                        title="Sunday"
                      >
                        Sun
                      </abbr>
                    </th>
                  </tr>
                </thead>
                <tbody>
                  <tr
                    class="pika-row"
                  >
                    <td
                      class="is-empty"
                    />
                    <td
                      data-day="1"
                      class=""
                      aria-selected="false"
                    >
                      <button
                        class="pika-button pika-day"
                        type="button"
                        data-pika-year="2017"
                        data-pika-month="7"
                        data-pika-day="1"
                      >
                        1
                      </button>
                    </td>
                    <td
                      data-day="2"
                      class=""
                      aria-selected="false"
                    >
                      <button
                        class="pika-button pika-day"
                        type="button"
                        data-pika-year="2017"
                        data-pika-month="7"
                        data-pika-day="2"
                      >
                        2
                      </button>
                    </td>
                    <td
                      data-day="3"
                      class=""
                      aria-selected="false"
                    >
                      <button
                        class="pika-button pika-day"
                        type="button"
                        data-pika-year="2017"
                        data-pika-month="7"
                        data-pika-day="3"
                      >
                        3
                      </button>
                    </td>
                    <td
                      data-day="4"
                      class=""
                      aria-selected="false"
                    >
                      <button
                        class="pika-button pika-day"
                        type="button"
                        data-pika-year="2017"
                        data-pika-month="7"
                        data-pika-day="4"
                      >
                        4
                      </button>
                    </td>
                    <td
                      data-day="5"
                      class=""
                      aria-selected="false"
                    >
                      <button
                        class="pika-button pika-day"
                        type="button"
                        data-pika-year="2017"
                        data-pika-month="7"
                        data-pika-day="5"
                      >
                        5
                      </button>
                    </td>
                    <td
                      data-day="6"
                      class=""
                      aria-selected="false"
                    >
                      <button
                        class="pika-button pika-day"
                        type="button"
                        data-pika-year="2017"
                        data-pika-month="7"
                        data-pika-day="6"
                      >
                        6
                      </button>
                    </td>
                  </tr>
                  <tr
                    class="pika-row"
                  >
                    <td
                      data-day="7"
                      class=""
                      aria-selected="false"
                    >
                      <button
                        class="pika-button pika-day"
                        type="button"
                        data-pika-year="2017"
                        data-pika-month="7"
                        data-pika-day="7"
                      >
                        7
                      </button>
                    </td>
                    <td
                      data-day="8"
                      class="is-selected"
                      aria-selected="true"
                    >
                      <button
                        class="pika-button pika-day"
                        type="button"
                        data-pika-year="2017"
                        data-pika-month="7"
                        data-pika-day="8"
                      >
                        8
                      </button>
                    </td>
                    <td
                      data-day="9"
                      class="is-today has-event"
                      aria-selected="false"
                    >
                      <button
                        class="pika-button pika-day"
                        type="button"
                        data-pika-year="2017"
                        data-pika-month="7"
                        data-pika-day="9"
                      >
                        9
                      </button>
                    </td>
                    <td
                      data-day="10"
                      class=""
                      aria-selected="false"
                    >
                      <button
                        class="pika-button pika-day"
                        type="button"
                        data-pika-year="2017"
                        data-pika-month="7"
                        data-pika-day="10"
                      >
                        10
                      </button>
                    </td>
                    <td
                      data-day="11"
                      class=""
                      aria-selected="false"
                    >
                      <button
                        class="pika-button pika-day"
                        type="button"
                        data-pika-year="2017"
                        data-pika-month="7"
                        data-pika-day="11"
                      >
                        11
                      </button>
                    </td>
                    <td
                      data-day="12"
                      class=""
                      aria-selected="false"
                    >
                      <button
                        class="pika-button pika-day"
                        type="button"
                        data-pika-year="2017"
                        data-pika-month="7"
                        data-pika-day="12"
                      >
                        12
                      </button>
                    </td>
                    <td
                      data-day="13"
                      class=""
                      aria-selected="false"
                    >
                      <button
                        class="pika-button pika-day"
                        type="button"
                        data-pika-year="2017"
                        data-pika-month="7"
                        data-pika-day="13"
                      >
                        13
                      </button>
                    </td>
                  </tr>
                  <tr
                    class="pika-row"
                  >
                    <td
                      data-day="14"
                      class=""
                      aria-selected="false"
                    >
                      <button
                        class="pika-button pika-day"
                        type="button"
                        data-pika-year="2017"
                        data-pika-month="7"
                        data-pika-day="14"
                      >
                        14
                      </button>
                    </td>
                    <td
                      data-day="15"
                      class=""
                      aria-selected="false"
                    >
                      <button
                        class="pika-button pika-day"
                        type="button"
                        data-pika-year="2017"
                        data-pika-month="7"
                        data-pika-day="15"
                      >
                        15
                      </button>
                    </td>
                    <td
                      data-day="16"
                      class=""
                      aria-selected="false"
                    >
                      <button
                        class="pika-button pika-day"
                        type="button"
                        data-pika-year="2017"
                        data-pika-month="7"
                        data-pika-day="16"
                      >
                        16
                      </button>
                    </td>
                    <td
                      data-day="17"
                      class=""
                      aria-selected="false"
                    >
                      <button
                        class="pika-button pika-day"
                        type="button"
                        data-pika-year="2017"
                        data-pika-month="7"
                        data-pika-day="17"
                      >
                        17
                      </button>
                    </td>
                    <td
                      data-day="18"
                      class=""
                      aria-selected="false"
                    >
                      <button
                        class="pika-button pika-day"
                        type="button"
                        data-pika-year="2017"
                        data-pika-month="7"
                        data-pika-day="18"
                      >
                        18
                      </button>
                    </td>
                    <td
                      data-day="19"
                      class=""
                      aria-selected="false"
                    >
                      <button
                        class="pika-button pika-day"
                        type="button"
                        data-pika-year="2017"
                        data-pika-month="7"
                        data-pika-day="19"
                      >
                        19
                      </button>
                    </td>
                    <td
                      data-day="20"
                      class=""
                      aria-selected="false"
                    >
                      <button
                        class="pika-button pika-day"
                        type="button"
                        data-pika-year="2017"
                        data-pika-month="7"
                        data-pika-day="20"
                      >
                        20
                      </button>
                    </td>
                  </tr>
                  <tr
                    class="pika-row"
                  >
                    <td
                      data-day="21"
                      class=""
                      aria-selected="false"
                    >
                      <button
                        class="pika-button pika-day"
                        type="button"
                        data-pika-year="2017"
                        data-pika-month="7"
                        data-pika-day="21"
                      >
                        21
                      </button>
                    </td>
                    <td
                      data-day="22"
                      class=""
                      aria-selected="false"
                    >
                      <button
                        class="pika-button pika-day"
                        type="button"
                        data-pika-year="2017"
                        data-pika-month="7"
                        data-pika-day="22"
                      >
                        22
                      </button>
                    </td>
                    <td
                      data-day="23"
                      class=""
                      aria-selected="false"
                    >
                      <button
                        class="pika-button pika-day"
                        type="button"
                        data-pika-year="2017"
                        data-pika-month="7"
                        data-pika-day="23"
                      >
                        23
                      </button>
                    </td>
                    <td
                      data-day="24"
                      class=""
                      aria-selected="false"
                    >
                      <button
                        class="pika-button pika-day"
                        type="button"
                        data-pika-year="2017"
                        data-pika-month="7"
                        data-pika-day="24"
                      >
                        24
                      </button>
                    </td>
                    <td
                      data-day="25"
                      class=""
                      aria-selected="false"
                    >
                      <button
                        class="pika-button pika-day"
                        type="button"
                        data-pika-year="2017"
                        data-pika-month="7"
                        data-pika-day="25"
                      >
                        25
                      </button>
                    </td>
                    <td
                      data-day="26"
                      class=""
                      aria-selected="false"
                    >
                      <button
                        class="pika-button pika-day"
                        type="button"
                        data-pika-year="2017"
                        data-pika-month="7"
                        data-pika-day="26"
                      >
                        26
                      </button>
                    </td>
                    <td
                      data-day="27"
                      class=""
                      aria-selected="false"
                    >
                      <button
                        class="pika-button pika-day"
                        type="button"
                        data-pika-year="2017"
                        data-pika-month="7"
                        data-pika-day="27"
                      >
                        27
                      </button>
                    </td>
                  </tr>
                  <tr
                    class="pika-row"
                  >
                    <td
                      data-day="28"
                      class=""
                      aria-selected="false"
                    >
                      <button
                        class="pika-button pika-day"
                        type="button"
                        data-pika-year="2017"
                        data-pika-month="7"
                        data-pika-day="28"
                      >
                        28
                      </button>
                    </td>
                    <td
                      data-day="29"
                      class=""
                      aria-selected="false"
                    >
                      <button
                        class="pika-button pika-day"
                        type="button"
                        data-pika-year="2017"
                        data-pika-month="7"
                        data-pika-day="29"
                      >
                        29
                      </button>
                    </td>
                    <td
                      data-day="30"
                      class=""
                      aria-selected="false"
                    >
                      <button
                        class="pika-button pika-day"
                        type="button"
                        data-pika-year="2017"
                        data-pika-month="7"
                        data-pika-day="30"
                      >
                        30
                      </button>
                    </td>
                    <td
                      data-day="31"
                      class=""
                      aria-selected="false"
                    >
                      <button
                        class="pika-button pika-day"
                        type="button"
                        data-pika-year="2017"
                        data-pika-month="7"
                        data-pika-day="31"
                      >
                        31
                      </button>
                    </td>
                    <td
                      class="is-empty"
                    />
                    <td
                      class="is-empty"
                    />
                    <td
                      class="is-empty"
                    />
                  </tr>
                </tbody>
              </table>
            </div>
          </div>
        </div>
      </div>
    </div>
  </div>
</span>
`;
