// Jest Snapshot v1, https://goo.gl/fbAQLP

exports[`Overflow Menu should match the snapshot 1`] = `
<button
  class="ui dropdown icon pointing top circular button right"
  tabindex="0"
>
  <i
    class="ellipsis vertical icon"
  />
  <div
    class="ui menu"
    tabindex="-1"
  >
    <div
      class="item"
    >
      Delete
    </div>
    <div
      class="item"
    >
      Postpone
    </div>
    <div
      class="item disabled"
    >
      Copy
    </div>
  </div>
</button>
`;
