// Jest Snapshot v1, https://goo.gl/fbAQLP

exports[`OverflowMenu should match the snapshot 1`] = `
<button
  class="ui dropdown icon pointing top circular button right"
>
  <i
    class="ellipsis vertical icon"
  />
  <div
    class="ui menu"
  >
    <div
      class="item"
    >
      <!--  -->
      Delete
    </div>
    <div
      class="item"
    >
      <!--  -->
      Postpone
    </div>
    <div
      class="item disabled"
    >
      <!--  -->
      Copy
    </div>
  </div>
</button>
`;
